// Vitest Snapshot v1

exports[`dbg-about-dialog > renders propery 1`] = `
"<dbg-dialog centertitle=\\"About\\" showclose=\\"\\" show=\\"\\">
<div slot=\\"body\\">
<p data-testid=\\"text\\">Hello my name is Ara. I initiated this project for my own needs.
If you like relational databases and have knowledge or wish to learn
more about typescript, webcomponent, litelement, svelte, redux, vite,
vitest, playwright and much more you should consider to contribute
to this project.</p>
<p data-testid=\\"footer\\">I hope you enjoy using this application.</p>
</div>
</dbg-dialog>
<style>
p {
width: 500px;
}
</style>"
`;
