// Vitest Snapshot v1

exports[`Relation$ > should render properly 1`] = `
{
  "component": Relation$ {
    "$$": {
      "after_update": [],
      "before_update": [],
      "bound": {},
      "callbacks": {},
      "context": Map {
        "store" => Store {
          "relation": RelationStore {
            "relations": {
              "subscribe": [Function],
            },
            "store": [Circular],
          },
          "schema": SchemaStore {
            "schema": {
              "set": [Function],
              "subscribe": [Function],
              "update": [Function],
            },
            "store": [Circular],
          },
          "table": TableStore {
            "tableFromHighlight": Map {
              "school" => {
                "set": [Function],
                "subscribe": [Function],
                "update": [Function],
              },
              "class" => {
                "set": [Function],
                "subscribe": [Function],
                "update": [Function],
              },
              "student" => {
                "set": [Function],
                "subscribe": [Function],
                "update": [Function],
              },
            },
            "tablePoses": Map {
              "school" => {
                "set": [Function],
                "subscribe": [Function],
                "update": [Function],
              },
              "class" => {
                "set": [Function],
                "subscribe": [Function],
                "update": [Function],
              },
              "student" => {
                "set": [Function],
                "subscribe": [Function],
                "update": [Function],
              },
            },
            "tableSizes": Map {
              "school" => {
                "set": [Function],
                "subscribe": [Function],
                "update": [Function],
              },
              "class" => {
                "set": [Function],
                "subscribe": [Function],
                "update": [Function],
              },
              "student" => {
                "set": [Function],
                "subscribe": [Function],
                "update": [Function],
              },
            },
            "tableToHighlight": Map {
              "school" => {
                "set": [Function],
                "subscribe": [Function],
                "update": [Function],
              },
              "class" => {
                "set": [Function],
                "subscribe": [Function],
                "update": [Function],
              },
              "student" => {
                "set": [Function],
                "subscribe": [Function],
                "update": [Function],
              },
            },
          },
          "view": ViewStore {
            "store": [Circular],
            "viewBound": {
              "set": [Function],
              "subscribe": [Function],
              "update": [Function],
            },
            "viewBoundSize": {
              "subscribe": [Function],
            },
            "viewPos": {
              "set": [Function],
              "subscribe": [Function],
              "update": [Function],
            },
            "viewSize": {
              "set": [Function],
              "subscribe": [Function],
              "update": [Function],
            },
            "viewSizeAfterZoom": {
              "subscribe": [Function],
            },
            "viewportApply": {
              "set": [Function],
              "subscribe": [Function],
              "update": [Function],
            },
            "viewportStore": {
              "set": [Function],
              "subscribe": [Function],
              "update": [Function],
            },
            "zoom": {
              "set": [Function],
              "subscribe": [Function],
              "update": [Function],
            },
          },
        },
      },
      "ctx": [
        "test1",
        {
          "x": 622,
          "y": 536.6353858093127,
        },
        {
          "x": 371,
          "y": 451.48460975609754,
        },
        "M 610.9237853201372 538.1577091539383 L 614.1364125163818 528.6878080721979",
        "M 371 451.48460975609754 L 378.86358748361823 459.4321874932123 M 371 451.48460975609754 L 382.0762146798628 449.96228641147184",
        "",
        {
          "set": [Function],
          "subscribe": [Function],
          "update": [Function],
        },
        {
          "set": [Function],
          "subscribe": [Function],
          "update": [Function],
        },
        {
          "set": [Function],
          "subscribe": [Function],
          "update": [Function],
        },
        {
          "set": [Function],
          "subscribe": [Function],
          "update": [Function],
        },
        [Function],
        [Function],
        {
          "set": [Function],
          "subscribe": [Function],
          "update": [Function],
        },
        [Function],
        [Function],
        [Function],
        "school",
        "student",
        "test1",
        true,
        false,
        "1234",
        [Function],
        [Function],
        [Function],
        {
          "x": 271,
          "y": 407,
        },
        {
          "x": 722,
          "y": 560,
        },
        {
          "height": 400,
          "width": 200,
        },
        {
          "height": 300,
          "width": 200,
        },
      ],
      "dirty": [
        -1,
        -1,
      ],
      "fragment": {
        "c": [Function],
        "d": [Function],
        "i": [Function],
        "l": [Function],
        "m": [Function],
        "o": [Function],
        "p": [Function],
      },
      "not_equal": [Function],
      "on_destroy": [
        [Function],
        [Function],
        [Function],
        [Function],
        [Function],
        [Function],
      ],
      "on_disconnect": [],
      "on_mount": [],
      "props": {
        "click": 22,
        "contextMenu": 24,
        "dblClick": 23,
        "fromColumn": 0,
        "fromTable": 16,
        "key": 21,
        "oneTo": 19,
        "toColumn": 18,
        "toMany": 20,
        "toTable": 17,
      },
      "root": <div>
        <path
          d="M 622 536.6353858093127 L 371 451.48460975609754 M 610.9237853201372 538.1577091539383 L 614.1364125163818 528.6878080721979 M 371 451.48460975609754 L 378.86358748361823 459.4321874932123 M 371 451.48460975609754 L 382.0762146798628 449.96228641147184"
        />
         
        <path
          class="highlight"
          d="M 622 536.6353858093127 L 371 451.48460975609754 M 610.9237853201372 538.1577091539383 L 614.1364125163818 528.6878080721979 M 371 451.48460975609754 L 378.86358748361823 459.4321874932123 M 371 451.48460975609754 L 382.0762146798628 449.96228641147184"
        />
        
      </div>,
      "skip_bound": false,
      "update": [Function],
    },
    "$$set": [Function],
    "$capture_state": [Function],
    "$inject_state": [Function],
  },
  "container": <body>
    <div>
      <path
        d="M 622 536.6353858093127 L 371 451.48460975609754 M 610.9237853201372 538.1577091539383 L 614.1364125163818 528.6878080721979 M 371 451.48460975609754 L 378.86358748361823 459.4321874932123 M 371 451.48460975609754 L 382.0762146798628 449.96228641147184"
      />
       
      <path
        class="highlight"
        d="M 622 536.6353858093127 L 371 451.48460975609754 M 610.9237853201372 538.1577091539383 L 614.1364125163818 528.6878080721979 M 371 451.48460975609754 L 378.86358748361823 459.4321874932123 M 371 451.48460975609754 L 382.0762146798628 449.96228641147184"
      />
      
    </div>
  </body>,
  "debug": [Function],
  "findAllByAltText": [Function],
  "findAllByDisplayValue": [Function],
  "findAllByLabelText": [Function],
  "findAllByPlaceholderText": [Function],
  "findAllByRole": [Function],
  "findAllByTestId": [Function],
  "findAllByText": [Function],
  "findAllByTitle": [Function],
  "findByAltText": [Function],
  "findByDisplayValue": [Function],
  "findByLabelText": [Function],
  "findByPlaceholderText": [Function],
  "findByRole": [Function],
  "findByTestId": [Function],
  "findByText": [Function],
  "findByTitle": [Function],
  "getAllByAltText": [Function],
  "getAllByDisplayValue": [Function],
  "getAllByLabelText": [Function],
  "getAllByPlaceholderText": [Function],
  "getAllByRole": [Function],
  "getAllByTestId": [Function],
  "getAllByText": [Function],
  "getAllByTitle": [Function],
  "getByAltText": [Function],
  "getByDisplayValue": [Function],
  "getByLabelText": [Function],
  "getByPlaceholderText": [Function],
  "getByRole": [Function],
  "getByTestId": [Function],
  "getByText": [Function],
  "getByTitle": [Function],
  "queryAllByAltText": [Function],
  "queryAllByDisplayValue": [Function],
  "queryAllByLabelText": [Function],
  "queryAllByPlaceholderText": [Function],
  "queryAllByRole": [Function],
  "queryAllByTestId": [Function],
  "queryAllByText": [Function],
  "queryAllByTitle": [Function],
  "queryByAltText": [Function],
  "queryByDisplayValue": [Function],
  "queryByLabelText": [Function],
  "queryByPlaceholderText": [Function],
  "queryByRole": [Function],
  "queryByTestId": [Function],
  "queryByText": [Function],
  "queryByTitle": [Function],
  "rerender": [Function],
  "unmount": [Function],
}
`;
